// Jest Snapshot v1, https://goo.gl/fbAQLP

exports[`BureauField renders as expected 1`] = `

<span>
  <input type="text">
</span>

`;
