// Jest Snapshot v1, https://goo.gl/fbAQLP

exports[`BureauForm renders as expected 1`] = `

<form>
</form>

`;
