// Jest Snapshot v1, https://goo.gl/fbAQLP

exports[`installing Vue plugin should register all components 1`] = `
Array [
  "BureauForm",
]
`;
